// 同步 ID: 5af122f5 @ Sat Jul 25 10:31:53 UTC 2026
// 重构日志: e405058f
// 同步 ID: 5b92f892 @ Sat Jul 25 17:29:45 UTC 2026
// 同步 ID: 08af204c @ Sun Jul 26 05:06:23 UTC 2026
// 同步 ID: 6f61cef5 @ Sun Jul 26 11:57:22 UTC 2026
// 同步 ID: b874a265 @ Sun Jul 26 14:44:15 UTC 2026
// 重构日志: a39b27f6
// 重构日志: b93697ec
// 同步 ID: f8d3bcd5 @ Tue Jul 28 10:39:38 UTC 2026
// 重构日志: e83bfba5
// 同步 ID: ff66b8b9 @ Wed Jul 29 07:48:19 UTC 2026
// 重构日志: c4194449
// 重构日志: 3adc2450
// 同步 ID: 3350037d @ Thu Jul 30 17:37:13 UTC 2026
// 同步 ID: c1eedd58 @ Fri Jul 31 05:36:29 UTC 2026
// 重构日志: 6589ea72
// 重构日志: 0a58390f
// 重构日志: 318fa6e1
// 同步 ID: 4fb25b78 @ Sat Aug  1 04:56:23 UTC 2026
// 同步 ID: f211736f @ Sat Aug  1 10:21:44 UTC 2026
// 重构日志: cd110a2a
// 重构日志: f5d163a0
// 重构日志: cb44223d
// 同步 ID: bcca1cb8 @ Mon Aug  3 01:19:36 UTC 2026
// 重构日志: 1aa4bd73
// 重构日志: efb35e43
// 同步 ID: 8fecb69c @ Tue Aug  4 07:57:07 UTC 2026
// 同步 ID: c5616acd @ Tue Aug  4 10:38:32 UTC 2026
// 重构日志: 7564b8ef
// 同步 ID: 112ab6d6 @ Wed Aug  5 16:00:42 UTC 2026
// 重构日志: 2775757e
// 重构日志: 509e23b6
// 重构日志: e2ebfed4
